
> twa-shop-discord-bot@0.1.0 start
> node src/bot.mjs

Bot ingelogd als Twa-Shop#6496
Fout bij uitvoeren command DiscordAPIError[10062]: Unknown interaction
    at handleErrors (/Users/sebastiaan/Documents/Repos/TWA/Twa-Shop/node_modules/@discordjs/rest/dist/index.js:762:13)
    at process.processTicksAndRejections (node:internal/process/task_queues:105:5)
    at async BurstHandler.runRequest (/Users/sebastiaan/Documents/Repos/TWA/Twa-Shop/node_modules/@discordjs/rest/dist/index.js:866:23)
    at async _REST.request (/Users/sebastiaan/Documents/Repos/TWA/Twa-Shop/node_modules/@discordjs/rest/dist/index.js:1307:22)
    at async ChatInputCommandInteraction.reply (/Users/sebastiaan/Documents/Repos/TWA/Twa-Shop/node_modules/discord.js/src/structures/interfaces/InteractionResponses.js:193:22)
    at async Object.execute (file:///Users/sebastiaan/Documents/Repos/TWA/Twa-Shop/src/commands/ping.mjs:8:3)
    at async Client.<anonymous> (file:///Users/sebastiaan/Documents/Repos/TWA/Twa-Shop/src/bot.mjs:42:5) {
  requestBody: { files: [], json: { type: 4, data: [Object] } },
  rawError: { message: 'Unknown interaction', code: 10062 },
  code: 10062,
  status: 404,
  method: 'POST',
  url: 'https://discord.com/api/v10/interactions/1438173391688302652/aW50ZXJhY3Rpb246MTQzODE3MzM5MTY4ODMwMjY1MjpzcjBhZnl3TlJTckNnVGNoeTk1MlZ0VjlkUjNBV0NNbDNLUzRIVGpTZGVFNjdKd1BVZ3R2bnZIcndPeFE0d3IwMjZwOWRlRFIyNFZoOUtTNFlDMEd5ZXhySWs5dHBRbTJxZTVpVmZibzdCakJnN1diMVUwNDlqZTJYbHVRWktrOQ/callback?with_response=false'
}
(node:32926) Warning: Supplying "ephemeral" for interaction response options is deprecated. Utilize flags instead.
(Use `node --trace-warnings ...` to show where the warning was created)
node:events:485
      throw er; // Unhandled 'error' event
      ^

DiscordAPIError[40060]: Interaction has already been acknowledged.
    at handleErrors (/Users/sebastiaan/Documents/Repos/TWA/Twa-Shop/node_modules/@discordjs/rest/dist/index.js:762:13)
    at process.processTicksAndRejections (node:internal/process/task_queues:105:5)
    at async BurstHandler.runRequest (/Users/sebastiaan/Documents/Repos/TWA/Twa-Shop/node_modules/@discordjs/rest/dist/index.js:866:23)
    at async _REST.request (/Users/sebastiaan/Documents/Repos/TWA/Twa-Shop/node_modules/@discordjs/rest/dist/index.js:1307:22)
    at async ChatInputCommandInteraction.reply (/Users/sebastiaan/Documents/Repos/TWA/Twa-Shop/node_modules/discord.js/src/structures/interfaces/InteractionResponses.js:193:22)
    at async Client.<anonymous> (file:///Users/sebastiaan/Documents/Repos/TWA/Twa-Shop/src/bot.mjs:48:7)
Emitted 'error' event on Client instance at:
    at emitUnhandledRejectionOrErr (node:events:390:10)
    at process.processTicksAndRejections (node:internal/process/task_queues:92:21) {
  requestBody: {
    files: [],
    json: {
      type: 4,
      data: {
        content: 'Er ging iets mis.',
        tts: false,
        nonce: undefined,
        enforce_nonce: false,
        embeds: undefined,
        components: undefined,
        username: undefined,
        avatar_url: undefined,
        allowed_mentions: undefined,
        flags: 64,
        message_reference: undefined,
        attachments: undefined,
        sticker_ids: undefined,
        thread_name: undefined,
        applied_tags: undefined,
        poll: undefined
      }
    }
  },
  rawError: {
    message: 'Interaction has already been acknowledged.',
    code: 40060
  },
  code: 40060,
  status: 400,
  method: 'POST',
  url: 'https://discord.com/api/v10/interactions/1438173391688302652/aW50ZXJhY3Rpb246MTQzODE3MzM5MTY4ODMwMjY1MjpzcjBhZnl3TlJTckNnVGNoeTk1MlZ0VjlkUjNBV0NNbDNLUzRIVGpTZGVFNjdKd1BVZ3R2bnZIcndPeFE0d3IwMjZwOWRlRFIyNFZoOUtTNFlDMEd5ZXhySWs5dHBRbTJxZTVpVmZibzdCakJnN1diMVUwNDlqZTJYbHVRWktrOQ/callback?with_response=false'
}

Node.js v23.9.0
Fout bij uitvoeren command DiscordAPIError[10062]: Unknown interaction
    at handleErrors (/Users/sebastiaan/Documents/Repos/TWA/Twa-Shop/node_modules/@discordjs/rest/dist/index.js:762:13)
    at process.processTicksAndRejections (node:internal/process/task_queues:105:5)
    at async BurstHandler.runRequest (/Users/sebastiaan/Documents/Repos/TWA/Twa-Shop/node_modules/@discordjs/rest/dist/index.js:866:23)
    at async _REST.request (/Users/sebastiaan/Documents/Repos/TWA/Twa-Shop/node_modules/@discordjs/rest/dist/index.js:1307:22)
    at async ChatInputCommandInteraction.reply (/Users/sebastiaan/Documents/Repos/TWA/Twa-Shop/node_modules/discord.js/src/structures/interfaces/InteractionResponses.js:193:22)
    at async Object.execute (file:///Users/sebastiaan/Documents/Repos/TWA/Twa-Shop/src/commands/ping.mjs:8:3)
    at async Client.<anonymous> (file:///Users/sebastiaan/Documents/Repos/TWA/Twa-Shop/src/bot.mjs:42:5) {
  requestBody: { files: [], json: { type: 4, data: [Object] } },
  rawError: { message: 'Unknown interaction', code: 10062 },
  code: 10062,
  status: 404,
  method: 'POST',
  url: 'https://discord.com/api/v10/interactions/1438179044813307965/aW50ZXJhY3Rpb246MTQzODE3OTA0NDgxMzMwNzk2NTp3aTlZOEpzZ1FjdzdMaExPeUZvZExpNGliNXFlb29BOHp0cVB6T3REUktIa2Zpc0pOdVk0VTFsQ0ZGMnF1U3R6RzNZUVVBa2RscklqTVJNd09BYjVVTWJxM1c2Z3BTWE1kWlQ5eTJXS0FMNFR2N29hMm13SGZPblpabjFvZ2I2aw/callback?with_response=false'
}
(node:33821) Warning: Supplying "ephemeral" for interaction response options is deprecated. Utilize flags instead.
(Use `node --trace-warnings ...` to show where the warning was created)
node:events:485
      throw er; // Unhandled 'error' event
      ^

DiscordAPIError[10062]: Unknown interaction
    at handleErrors (/Users/sebastiaan/Documents/Repos/TWA/Twa-Shop/node_modules/@discordjs/rest/dist/index.js:762:13)
    at process.processTicksAndRejections (node:internal/process/task_queues:105:5)
    at async BurstHandler.runRequest (/Users/sebastiaan/Documents/Repos/TWA/Twa-Shop/node_modules/@discordjs/rest/dist/index.js:866:23)
    at async _REST.request (/Users/sebastiaan/Documents/Repos/TWA/Twa-Shop/node_modules/@discordjs/rest/dist/index.js:1307:22)
    at async ChatInputCommandInteraction.reply (/Users/sebastiaan/Documents/Repos/TWA/Twa-Shop/node_modules/discord.js/src/structures/interfaces/InteractionResponses.js:193:22)
    at async Client.<anonymous> (file:///Users/sebastiaan/Documents/Repos/TWA/Twa-Shop/src/bot.mjs:48:7)
Emitted 'error' event on Client instance at:
    at emitUnhandledRejectionOrErr (node:events:390:10)
    at process.processTicksAndRejections (node:internal/process/task_queues:92:21) {
  requestBody: {
    files: [],
    json: {
      type: 4,
      data: {
        content: 'Er ging iets mis.',
        tts: false,
        nonce: undefined,
        enforce_nonce: false,
        embeds: undefined,
        components: undefined,
        username: undefined,
        avatar_url: undefined,
        allowed_mentions: undefined,
        flags: 64,
        message_reference: undefined,
        attachments: undefined,
        sticker_ids: undefined,
        thread_name: undefined,
        applied_tags: undefined,
        poll: undefined
      }
    }
  },
  rawError: { message: 'Unknown interaction', code: 10062 },
  code: 10062,
  status: 404,
  method: 'POST',
  url: 'https://discord.com/api/v10/interactions/1438179044813307965/aW50ZXJhY3Rpb246MTQzODE3OTA0NDgxMzMwNzk2NTp3aTlZOEpzZ1FjdzdMaExPeUZvZExpNGliNXFlb29BOHp0cVB6T3REUktIa2Zpc0pOdVk0VTFsQ0ZGMnF1U3R6RzNZUVVBa2RscklqTVJNd09BYjVVTWJxM1c2Z3BTWE1kWlQ5eTJXS0FMNFR2N29hMm13SGZPblpabjFvZ2I2aw/callback?with_response=false'
}

Node.js v23.9.0
